Starting a Gradle Daemon, 32 busy and 1 incompatible and 9 stopped Daemons could not be reused, use --status for details
Daemon JVM discovery is an incubating feature.
Reusing configuration cache.
> Task :core:jvmProcessResources NO-SOURCE
> Task :app:shared:convertXmlValueResourcesForJvmMain NO-SOURCE
> Task :core:processJvmMainResources SKIPPED
> Task :app:shared:kmpPartiallyResolvedDependenciesChecker
> Task :core:kmpPartiallyResolvedDependenciesChecker
> Task :app:shared:checkJvmMainComposeLibrariesCompatibility
> Task :core:checkKotlinGradlePluginConfigurationErrors SKIPPED
> Task :app:shared:checkKotlinGradlePluginConfigurationErrors SKIPPED
> Task :app:shared:copyNonXmlValueResourcesForJvmMain NO-SOURCE
> Task :app:shared:prepareComposeResourcesTaskForJvmMain NO-SOURCE
> Task :app:shared:generateResourceAccessorsForJvmMain NO-SOURCE
> Task :app:shared:generateExpectResourceCollectorsForCommonMain UP-TO-DATE
> Task :app:shared:generateComposeResClass UP-TO-DATE
> Task :app:shared:copyNonXmlValueResourcesForCommonMain UP-TO-DATE
> Task :app:shared:convertXmlValueResourcesForCommonMain NO-SOURCE
> Task :app:shared:prepareComposeResourcesTaskForCommonMain UP-TO-DATE
> Task :app:shared:generateResourceAccessorsForCommonMain UP-TO-DATE
> Task :app:shared:generateActualResourceCollectorsForJvmMain UP-TO-DATE
> Task :core:compileKotlinJvm UP-TO-DATE
> Task :core:compileJvmMainJava NO-SOURCE
> Task :core:jvmMainClasses UP-TO-DATE
> Task :core:jvmJar UP-TO-DATE

> Task :app:shared:compileKotlinJvm
.\gradlew : e: file:///S:/Web%20Projects/Synapse/app/shared/src/commonMain/kotlin/com/arcadelabs/synapse/features/devic
es/ui/AddDeviceDialog.kt:8:40 Unresolved reference 'AutoMirrored'.
At line:1 char:1
+ .\gradlew :app:shared:compileKotlinJvm 2>&1 | Tee-Object -FilePath "b ...
+ ~~~~~~~~~~~~~~~~~~~~~~~~~~~~~~~~~~~~~~~~~~~
    + CategoryInfo          : NotSpecified: (e: file:///S:/W...'AutoMirrored'.:String) [], RemoteException
    + FullyQualifiedErrorId : NativeCommandError
 
e: file:///S:/Web%20Projects/Synapse/app/shared/src/commonMain/kotlin/com/arcadelabs/synapse/features/devices/ui/AddDev
iceDialog.kt:57:56 Unresolved reference 'ArrowBack'.
e: file:///S:/Web%20Projects/Synapse/app/shared/src/jvmMain/kotlin/com/arcadelabs/synapse/features/devices/ui/DesktopAd
dDeviceDialog.kt:8:40 Unresolved reference 'AutoMirrored'.
e: file:///S:/Web%20Projects/Synapse/app/shared/src/jvmMain/kotlin/com/arcadelabs/synapse/features/devices/ui/DesktopAd
dDeviceDialog.kt:57:56 Unresolved reference 'ArrowBack'.

> Task :app:shared:compileKotlinJvm FAILED

[Incubating] Problems report is available at: file:///S:/Web%20Projects/Synapse/build/reports/problems/problems-report.html

FAILURE: Build failed with an exception.

* What went wrong:
Execution failed for task ':app:shared:compileKotlinJvm'.
> A failure occurred while executing org.jetbrains.kotlin.compilerRunner.btapi.BuildToolsApiCompilationWork
   > Compilation error. See log for more details

* Try:
> Run with --stacktrace option to get the stack trace.
> Run with --info or --debug option to get more log output.
> Run with --scan to generate a Build Scan (Powered by Develocity).
> Get more help at https://help.gradle.org.

BUILD FAILED in 26s
12 actionable tasks: 4 executed, 8 up-to-date
Configuration cache entry reused.
